2026-05-09 17:28:31 - berzcoin - INFO - Connected to database: /home/berzat-babur/Desktop/berzcoin/data/local3nodes/node2/regtest.db
2026-05-09 17:28:31 - berzcoin - INFO - Current version: 0, Target version: 7
2026-05-09 17:28:31 - berzcoin - INFO - Applying migration 1: Initial schema
2026-05-09 17:28:31 - berzcoin - INFO - Applying migration 2: Add address indexes
2026-05-09 17:28:31 - berzcoin - INFO - Applying migration 3: Add chainwork to block_headers
2026-05-09 17:28:31 - berzcoin - INFO - Applying migration 4: Add witness data to inputs
2026-05-09 17:28:31 - berzcoin - INFO - Applying migration 5: Add transaction weight
2026-05-09 17:28:31 - berzcoin - INFO - Applying migration 6: Transaction index tables (tx_index, tx_inputs, tx_outputs)
2026-05-09 17:28:31 - berzcoin - INFO - Applying migration 7: Allow non-unique block heights for fork branch persistence
2026-05-09 17:28:31 - berzcoin - INFO - Migration complete. Now at version 7
2026-05-09 17:28:31 - berzcoin - INFO - Loaded 0 blocks from index
2026-05-09 17:28:31 - berzcoin - INFO - Empty regtest datadir detected; importing a synthetic genesis block
2026-05-09 17:28:31 - berzcoin - INFO - Synthetic regtest genesis written at height 0 (5dd3bbe7666038a9)
2026-05-09 17:28:31 - berzcoin - INFO - Loaded 1 blocks from index
2026-05-09 17:28:31 - berzcoin - INFO - Chain state initialized: height=0, work=0
2026-05-09 17:28:31 - berzcoin - INFO - No mempool snapshot found
2026-05-09 17:28:31 - berzcoin - INFO - Peer discovery sources priority: connect=0 addnode=1 bootstrap=0 dns=0
2026-05-09 17:28:31 - berzcoin - WARNING - Using insecure fallback wallet encryption passphrase; set wallet_encryption_passphrase
2026-05-09 17:28:31 - berzcoin - INFO - Secure RPC cookie created: /home/berzat-babur/Desktop/berzcoin/data/local3nodes/node2/.cookie
2026-05-09 17:28:31 - berzcoin - INFO - Node initialized successfully
2026-05-09 17:28:31 - berzcoin - INFO - Starting BerzCoin node...
2026-05-09 17:28:31 - berzcoin - INFO - Added static peer: 127.0.0.1:8331
2026-05-09 17:28:31 - berzcoin - INFO - Loaded 1 addnode peer(s)
2026-05-09 17:28:31 - berzcoin - INFO - P2P listener started on 0.0.0.0:8332
2026-05-09 17:28:31 - berzcoin - INFO - Connection manager started
2026-05-09 17:28:31 - berzcoin - INFO - RPC server started on http://127.0.0.1:18432
2026-05-09 17:28:31 - berzcoin - INFO - Node started
2026-05-09 17:28:31 - berzcoin - INFO - Starting block sync loop
2026-05-09 17:28:31 - berzcoin - INFO - Peer version: 70015, user agent: /BerzCoin:1.0/, height: 0
2026-05-09 17:28:31 - berzcoin - INFO - Handshake complete with 127.0.0.1
2026-05-09 17:28:31 - berzcoin - INFO - Connected to 127.0.0.1:8331
2026-05-09 17:28:31 - berzcoin - INFO - Connected to 127.0.0.1:8331 (full-relay)
2026-05-09 17:30:09 - berzcoin - INFO - Connected to database: /home/berzat-babur/Desktop/berzcoin/data/local3nodes/node2/regtest.db
2026-05-09 17:30:09 - berzcoin - INFO - Current version: 0, Target version: 7
2026-05-09 17:30:09 - berzcoin - INFO - Applying migration 1: Initial schema
2026-05-09 17:30:09 - berzcoin - INFO - Applying migration 2: Add address indexes
2026-05-09 17:30:09 - berzcoin - INFO - Applying migration 3: Add chainwork to block_headers
2026-05-09 17:30:09 - berzcoin - INFO - Applying migration 4: Add witness data to inputs
2026-05-09 17:30:09 - berzcoin - INFO - Applying migration 5: Add transaction weight
2026-05-09 17:30:09 - berzcoin - INFO - Applying migration 6: Transaction index tables (tx_index, tx_inputs, tx_outputs)
2026-05-09 17:30:09 - berzcoin - INFO - Applying migration 7: Allow non-unique block heights for fork branch persistence
2026-05-09 17:30:09 - berzcoin - INFO - Migration complete. Now at version 7
2026-05-09 17:30:09 - berzcoin - INFO - Loaded 0 blocks from index
2026-05-09 17:30:09 - berzcoin - INFO - Empty regtest datadir detected; importing a synthetic genesis block
2026-05-09 17:30:09 - berzcoin - INFO - Synthetic regtest genesis written at height 0 (5dd3bbe7666038a9)
2026-05-09 17:30:09 - berzcoin - INFO - Loaded 1 blocks from index
2026-05-09 17:30:09 - berzcoin - INFO - Chain state initialized: height=0, work=0
2026-05-09 17:30:09 - berzcoin - INFO - No mempool snapshot found
2026-05-09 17:30:09 - berzcoin - INFO - Peer discovery sources priority: connect=0 addnode=1 bootstrap=0 dns=0
2026-05-09 17:30:09 - berzcoin - WARNING - Using insecure fallback wallet encryption passphrase; set wallet_encryption_passphrase
2026-05-09 17:30:09 - berzcoin - INFO - Loaded existing RPC cookie from /home/berzat-babur/Desktop/berzcoin/data/local3nodes/node2/.cookie
2026-05-09 17:30:09 - berzcoin - INFO - Node initialized successfully
2026-05-09 17:30:09 - berzcoin - INFO - Starting BerzCoin node...
2026-05-09 17:30:09 - berzcoin - INFO - Added static peer: 127.0.0.1:8331
2026-05-09 17:30:09 - berzcoin - INFO - Loaded 1 addnode peer(s)
2026-05-09 17:30:09 - berzcoin - INFO - P2P listener started on 0.0.0.0:8332
2026-05-09 17:30:09 - berzcoin - INFO - Connection manager started
2026-05-09 17:30:09 - berzcoin - INFO - RPC server started on http://127.0.0.1:18432
2026-05-09 17:30:09 - berzcoin - INFO - Node started
2026-05-09 17:30:09 - berzcoin - INFO - Starting block sync loop
2026-05-09 17:30:09 - berzcoin - INFO - Peer version: 70015, user agent: /BerzCoin:1.0/, height: 0
2026-05-09 17:30:09 - berzcoin - INFO - Handshake complete with 127.0.0.1
2026-05-09 17:30:09 - berzcoin - INFO - Connected to 127.0.0.1:8331
2026-05-09 17:30:09 - berzcoin - INFO - Connected to 127.0.0.1:8331 (full-relay)
2026-05-09 17:31:44 - berzcoin - INFO - Stopping BerzCoin node...
2026-05-09 17:31:44 - berzcoin - INFO - Mining stopped
2026-05-09 17:31:44 - berzcoin - INFO - RPC server stopped
2026-05-09 17:31:44 - berzcoin - INFO - Peer disconnected: 127.0.0.1:8331
2026-05-09 17:31:44 - berzcoin - INFO - Disconnected from 127.0.0.1:8331
2026-05-09 17:31:44 - berzcoin - INFO - Connection manager stopped
2026-05-09 17:31:44 - berzcoin - INFO - Saved 0 transactions to mempool.dat
2026-05-09 17:31:44 - berzcoin - INFO - Database connection closed
2026-05-09 17:31:44 - berzcoin - INFO - Node stopped
2026-05-09 17:32:37 - berzcoin - INFO - Connected to database: /home/berzat-babur/Desktop/berzcoin/data/local3nodes/node2/regtest.db
2026-05-09 17:32:37 - berzcoin - INFO - Current version: 0, Target version: 7
2026-05-09 17:32:37 - berzcoin - INFO - Applying migration 1: Initial schema
2026-05-09 17:32:37 - berzcoin - INFO - Applying migration 2: Add address indexes
2026-05-09 17:32:37 - berzcoin - INFO - Applying migration 3: Add chainwork to block_headers
2026-05-09 17:32:37 - berzcoin - INFO - Applying migration 4: Add witness data to inputs
2026-05-09 17:32:37 - berzcoin - INFO - Applying migration 5: Add transaction weight
2026-05-09 17:32:37 - berzcoin - INFO - Applying migration 6: Transaction index tables (tx_index, tx_inputs, tx_outputs)
2026-05-09 17:32:37 - berzcoin - INFO - Applying migration 7: Allow non-unique block heights for fork branch persistence
2026-05-09 17:32:37 - berzcoin - INFO - Migration complete. Now at version 7
2026-05-09 17:32:37 - berzcoin - INFO - Loaded 0 blocks from index
2026-05-09 17:32:37 - berzcoin - INFO - Empty regtest datadir detected; importing a synthetic genesis block
2026-05-09 17:32:37 - berzcoin - INFO - Synthetic regtest genesis written at height 0 (5dd3bbe7666038a9)
2026-05-09 17:32:37 - berzcoin - INFO - Loaded 1 blocks from index
2026-05-09 17:32:37 - berzcoin - INFO - Chain state initialized: height=0, work=0
2026-05-09 17:32:37 - berzcoin - INFO - Mempool restore complete: restored=0 dropped={}
2026-05-09 17:32:37 - berzcoin - INFO - Peer discovery sources priority: connect=0 addnode=1 bootstrap=0 dns=0
2026-05-09 17:32:37 - berzcoin - WARNING - Using insecure fallback wallet encryption passphrase; set wallet_encryption_passphrase
2026-05-09 17:32:37 - berzcoin - INFO - Loaded existing RPC cookie from /home/berzat-babur/Desktop/berzcoin/data/local3nodes/node2/.cookie
2026-05-09 17:32:37 - berzcoin - INFO - Node initialized successfully
2026-05-09 17:32:37 - berzcoin - INFO - Starting BerzCoin node...
2026-05-09 17:32:37 - berzcoin - INFO - Added static peer: 127.0.0.1:8331
2026-05-09 17:32:37 - berzcoin - INFO - Loaded 1 addnode peer(s)
2026-05-09 17:32:37 - berzcoin - INFO - P2P listener started on 0.0.0.0:8332
2026-05-09 17:32:37 - berzcoin - INFO - Connection manager started
2026-05-09 17:32:37 - berzcoin - INFO - RPC server started on http://127.0.0.1:18432
2026-05-09 17:32:37 - berzcoin - INFO - Node started
2026-05-09 17:32:37 - berzcoin - INFO - Starting block sync loop
2026-05-09 17:32:37 - berzcoin - INFO - Peer version: 70015, user agent: /BerzCoin:1.0/, height: 0
2026-05-09 17:32:37 - berzcoin - INFO - Handshake complete with 127.0.0.1
2026-05-09 17:32:37 - berzcoin - INFO - Connected to 127.0.0.1:8331
2026-05-09 17:32:37 - berzcoin - INFO - Connected to 127.0.0.1:8331 (full-relay)
2026-05-09 17:32:39 - berzcoin - INFO - New best block: d6e075a44c4bfe7a at height 1
2026-05-09 17:32:39 - berzcoin - INFO - Block broadcast to 1 peers
2026-05-09 17:32:39 - berzcoin - INFO - New best block: 2ff881f69ad5ff4b at height 2
2026-05-09 17:32:39 - berzcoin - INFO - Block broadcast to 1 peers
2026-05-09 17:33:23 - berzcoin - INFO - Stopping node via RPC...
2026-05-09 17:33:24 - berzcoin - INFO - Stopping BerzCoin node...
2026-05-09 17:33:24 - berzcoin - INFO - Mining stopped
2026-05-09 17:33:24 - berzcoin - INFO - RPC server stopped
2026-05-09 17:33:24 - berzcoin - INFO - Peer disconnected: 127.0.0.1:8331
2026-05-09 17:33:24 - berzcoin - INFO - Disconnected from 127.0.0.1:8331
2026-05-09 17:33:24 - berzcoin - INFO - Connection manager stopped
2026-05-09 17:33:24 - berzcoin - INFO - Saved 0 transactions to mempool.dat
2026-05-09 17:33:24 - berzcoin - INFO - Database connection closed
2026-05-09 17:33:24 - berzcoin - INFO - Node stopped
2026-05-09 17:33:24 - berzcoin - INFO - Stopping BerzCoin node...
2026-05-09 17:33:24 - berzcoin - INFO - Mining stopped
2026-05-09 17:33:24 - berzcoin - INFO - RPC server stopped
2026-05-09 17:33:24 - berzcoin - INFO - Connection manager stopped
2026-05-09 17:33:24 - berzcoin - INFO - Saved 0 transactions to mempool.dat
2026-05-09 17:33:24 - berzcoin - INFO - Node stopped
2026-05-09 17:34:25 - berzcoin - INFO - Connected to database: /home/berzat-babur/Desktop/berzcoin/data/local3nodes/node2/regtest.db
2026-05-09 17:34:25 - berzcoin - INFO - Current version: 0, Target version: 7
2026-05-09 17:34:25 - berzcoin - INFO - Applying migration 1: Initial schema
2026-05-09 17:34:25 - berzcoin - INFO - Applying migration 2: Add address indexes
2026-05-09 17:34:25 - berzcoin - INFO - Applying migration 3: Add chainwork to block_headers
2026-05-09 17:34:25 - berzcoin - INFO - Applying migration 4: Add witness data to inputs
2026-05-09 17:34:25 - berzcoin - INFO - Applying migration 5: Add transaction weight
2026-05-09 17:34:25 - berzcoin - INFO - Applying migration 6: Transaction index tables (tx_index, tx_inputs, tx_outputs)
2026-05-09 17:34:25 - berzcoin - INFO - Applying migration 7: Allow non-unique block heights for fork branch persistence
2026-05-09 17:34:25 - berzcoin - INFO - Migration complete. Now at version 7
2026-05-09 17:34:25 - berzcoin - INFO - Loaded 0 blocks from index
2026-05-09 17:34:25 - berzcoin - INFO - Empty regtest datadir detected; importing a synthetic genesis block
2026-05-09 17:34:25 - berzcoin - INFO - Synthetic regtest genesis written at height 0 (5dd3bbe7666038a9)
2026-05-09 17:34:25 - berzcoin - INFO - Loaded 1 blocks from index
2026-05-09 17:34:25 - berzcoin - INFO - Chain state initialized: height=0, work=0
2026-05-09 17:34:25 - berzcoin - INFO - Mempool snapshot tip mismatch (snapshot=2ff881f69ad5ff4b@2 current=5dd3bbe7666038a9@0); full revalidation on restore
2026-05-09 17:34:25 - berzcoin - INFO - Mempool restore complete: restored=0 dropped={}
2026-05-09 17:34:25 - berzcoin - INFO - Peer discovery sources priority: connect=0 addnode=1 bootstrap=0 dns=0
2026-05-09 17:34:25 - berzcoin - WARNING - Using insecure fallback wallet encryption passphrase; set wallet_encryption_passphrase
2026-05-09 17:34:25 - berzcoin - INFO - Loaded existing RPC cookie from /home/berzat-babur/Desktop/berzcoin/data/local3nodes/node2/.cookie
2026-05-09 17:34:25 - berzcoin - INFO - Node initialized successfully
2026-05-09 17:34:25 - berzcoin - INFO - Starting BerzCoin node...
2026-05-09 17:34:25 - berzcoin - INFO - Added static peer: 127.0.0.1:8331
2026-05-09 17:34:25 - berzcoin - INFO - Loaded 1 addnode peer(s)
2026-05-09 17:34:25 - berzcoin - INFO - P2P listener started on 0.0.0.0:8332
2026-05-09 17:34:25 - berzcoin - INFO - Connection manager started
2026-05-09 17:34:25 - berzcoin - INFO - RPC server started on http://127.0.0.1:18432
2026-05-09 17:34:25 - berzcoin - INFO - Node started
2026-05-09 17:34:25 - berzcoin - INFO - Starting block sync loop
2026-05-09 17:34:25 - berzcoin - INFO - Peer version: 70015, user agent: /BerzCoin:1.0/, height: 0
2026-05-09 17:34:25 - berzcoin - INFO - Handshake complete with 127.0.0.1
2026-05-09 17:34:25 - berzcoin - INFO - Connected to 127.0.0.1:8331
2026-05-09 17:34:25 - berzcoin - INFO - Connected to 127.0.0.1:8331 (full-relay)
2026-05-09 17:34:27 - berzcoin - INFO - New best block: f0bb48b7a408bb31 at height 1
2026-05-09 17:34:27 - berzcoin - INFO - Block broadcast to 1 peers
2026-05-09 17:34:27 - berzcoin - INFO - New best block: e59e3f19843ef250 at height 2
2026-05-09 17:34:27 - berzcoin - INFO - Block broadcast to 1 peers
2026-05-09 17:34:28 - berzcoin - INFO - New best block: f9d9ced933545633 at height 3
2026-05-09 17:34:28 - berzcoin - INFO - Block broadcast to 1 peers
2026-05-09 17:34:28 - berzcoin - INFO - New best block: 0d27323046db2836 at height 4
2026-05-09 17:34:28 - berzcoin - INFO - Block broadcast to 1 peers
2026-05-09 17:34:28 - berzcoin - INFO - New best block: 76d78023a4589883 at height 5
2026-05-09 17:34:28 - berzcoin - INFO - Block broadcast to 1 peers
2026-05-09 17:34:28 - berzcoin - INFO - New best block: e8e588a709119fc2 at height 6
2026-05-09 17:34:28 - berzcoin - INFO - Block broadcast to 1 peers
2026-05-09 17:34:28 - berzcoin - INFO - New best block: e5a836957c2801aa at height 7
2026-05-09 17:34:28 - berzcoin - INFO - Block broadcast to 1 peers
2026-05-09 17:34:28 - berzcoin - INFO - New best block: 58101e281a9c7364 at height 8
2026-05-09 17:34:28 - berzcoin - INFO - Block broadcast to 1 peers
2026-05-09 17:34:28 - berzcoin - INFO - New best block: d6aec97408908079 at height 9
2026-05-09 17:34:28 - berzcoin - INFO - Block broadcast to 1 peers
2026-05-09 17:34:28 - berzcoin - INFO - New best block: 6113a9c3f564e79a at height 10
2026-05-09 17:34:28 - berzcoin - INFO - Block broadcast to 1 peers
2026-05-09 17:34:28 - berzcoin - INFO - New best block: 9421e3685fc4e66b at height 11
2026-05-09 17:34:28 - berzcoin - INFO - Block broadcast to 1 peers
2026-05-09 17:34:28 - berzcoin - INFO - New best block: 1cf8c1a9dd9f58b8 at height 12
2026-05-09 17:34:28 - berzcoin - INFO - Block broadcast to 1 peers
2026-05-09 17:34:28 - berzcoin - INFO - New best block: b2e119f68f55a451 at height 13
2026-05-09 17:34:28 - berzcoin - INFO - Block broadcast to 1 peers
2026-05-09 17:34:28 - berzcoin - INFO - New best block: 0e826f3c59dae8b7 at height 14
2026-05-09 17:34:28 - berzcoin - INFO - Block broadcast to 1 peers
2026-05-09 17:34:28 - berzcoin - INFO - New best block: 46708ee88bd81e9a at height 15
2026-05-09 17:34:28 - berzcoin - INFO - Block broadcast to 1 peers
2026-05-09 17:34:28 - berzcoin - INFO - New best block: e4e99334c6a07009 at height 16
2026-05-09 17:34:28 - berzcoin - INFO - Block broadcast to 1 peers
2026-05-09 17:34:28 - berzcoin - INFO - New best block: 4562cc8ce0164e77 at height 17
2026-05-09 17:34:28 - berzcoin - INFO - Block broadcast to 1 peers
2026-05-09 17:34:28 - berzcoin - INFO - New best block: 695e0f83a53e9786 at height 18
2026-05-09 17:34:28 - berzcoin - INFO - Block broadcast to 1 peers
2026-05-09 17:34:28 - berzcoin - INFO - New best block: 34d812788706eb80 at height 19
2026-05-09 17:34:28 - berzcoin - INFO - Block broadcast to 1 peers
2026-05-09 17:34:28 - berzcoin - INFO - New best block: 51398086f5842080 at height 20
2026-05-09 17:34:28 - berzcoin - INFO - Block broadcast to 1 peers
2026-05-09 17:34:28 - berzcoin - INFO - New best block: 06f011c057b947c0 at height 21
2026-05-09 17:34:28 - berzcoin - INFO - Block broadcast to 1 peers
2026-05-09 17:34:28 - berzcoin - INFO - New best block: 1e62ae34bf7c628b at height 22
2026-05-09 17:34:28 - berzcoin - INFO - Block broadcast to 1 peers
2026-05-09 17:34:28 - berzcoin - INFO - New best block: 0cb50c8ea85ef168 at height 23
2026-05-09 17:34:28 - berzcoin - INFO - Block broadcast to 1 peers
2026-05-09 17:34:28 - berzcoin - INFO - New best block: 10f9b0299807b01d at height 24
2026-05-09 17:34:28 - berzcoin - INFO - Block broadcast to 1 peers
2026-05-09 17:34:28 - berzcoin - INFO - New best block: a58f943936caf3fa at height 25
2026-05-09 17:34:28 - berzcoin - INFO - Block broadcast to 1 peers
2026-05-09 17:34:28 - berzcoin - INFO - New best block: 6405ffa759ee4211 at height 26
2026-05-09 17:34:28 - berzcoin - INFO - Block broadcast to 1 peers
2026-05-09 17:34:28 - berzcoin - INFO - New best block: 20c6d7b9cf465a15 at height 27
2026-05-09 17:34:28 - berzcoin - INFO - Block broadcast to 1 peers
2026-05-09 17:34:28 - berzcoin - INFO - New best block: 5ed5b055669b5c5c at height 28
2026-05-09 17:34:28 - berzcoin - INFO - Block broadcast to 1 peers
2026-05-09 17:34:28 - berzcoin - INFO - New best block: cb99c1c2e4b8fb57 at height 29
2026-05-09 17:34:28 - berzcoin - INFO - Block broadcast to 1 peers
2026-05-09 17:34:28 - berzcoin - INFO - New best block: 79c010e038b963e3 at height 30
2026-05-09 17:34:28 - berzcoin - INFO - Block broadcast to 1 peers
2026-05-09 17:34:28 - berzcoin - INFO - New best block: 7d80804f2876763f at height 31
2026-05-09 17:34:28 - berzcoin - INFO - Block broadcast to 1 peers
2026-05-09 17:34:28 - berzcoin - INFO - New best block: ab1c93c45e9b430a at height 32
2026-05-09 17:34:28 - berzcoin - INFO - Block broadcast to 1 peers
2026-05-09 17:34:28 - berzcoin - INFO - New best block: 472ca836bd210834 at height 33
2026-05-09 17:34:28 - berzcoin - INFO - Block broadcast to 1 peers
2026-05-09 17:34:28 - berzcoin - INFO - New best block: f3ef260add42b4cd at height 34
2026-05-09 17:34:28 - berzcoin - INFO - Block broadcast to 1 peers
2026-05-09 17:34:28 - berzcoin - INFO - New best block: 7e76337474b5d7c2 at height 35
2026-05-09 17:34:28 - berzcoin - INFO - Block broadcast to 1 peers
2026-05-09 17:34:28 - berzcoin - INFO - New best block: e10a9a9e1de24984 at height 36
2026-05-09 17:34:28 - berzcoin - INFO - Block broadcast to 1 peers
2026-05-09 17:34:28 - berzcoin - INFO - New best block: 1e8fff1d16043f1d at height 37
2026-05-09 17:34:28 - berzcoin - INFO - Block broadcast to 1 peers
2026-05-09 17:34:28 - berzcoin - INFO - New best block: 0e130faf54f614d0 at height 38
2026-05-09 17:34:28 - berzcoin - INFO - Block broadcast to 1 peers
2026-05-09 17:34:28 - berzcoin - INFO - New best block: 5b1918380c0df70e at height 39
2026-05-09 17:34:28 - berzcoin - INFO - Block broadcast to 1 peers
2026-05-09 17:34:28 - berzcoin - INFO - New best block: 824270c2ac547b58 at height 40
2026-05-09 17:34:28 - berzcoin - INFO - Block broadcast to 1 peers
2026-05-09 17:34:28 - berzcoin - INFO - New best block: 4333006076c0c1f6 at height 41
2026-05-09 17:34:28 - berzcoin - INFO - Block broadcast to 1 peers
2026-05-09 17:34:28 - berzcoin - INFO - New best block: aebc10a0f610a199 at height 42
2026-05-09 17:34:28 - berzcoin - INFO - Block broadcast to 1 peers
2026-05-09 17:34:28 - berzcoin - INFO - New best block: 89b39ee1a97539ef at height 43
2026-05-09 17:34:28 - berzcoin - INFO - Block broadcast to 1 peers
2026-05-09 17:34:28 - berzcoin - INFO - New best block: 84c73234268ac529 at height 44
2026-05-09 17:34:28 - berzcoin - INFO - Block broadcast to 1 peers
2026-05-09 17:34:28 - berzcoin - INFO - New best block: 07127be84bbbe11c at height 45
2026-05-09 17:34:28 - berzcoin - INFO - Block broadcast to 1 peers
2026-05-09 17:34:28 - berzcoin - INFO - New best block: cc15b11c1ff89a91 at height 46
2026-05-09 17:34:28 - berzcoin - INFO - Block broadcast to 1 peers
2026-05-09 17:34:28 - berzcoin - INFO - New best block: 6b2419ea4a2115fc at height 47
2026-05-09 17:34:28 - berzcoin - INFO - Block broadcast to 1 peers
2026-05-09 17:34:28 - berzcoin - INFO - New best block: abc0cffb58db1c8a at height 48
2026-05-09 17:34:28 - berzcoin - INFO - Block broadcast to 1 peers
2026-05-09 17:34:28 - berzcoin - INFO - New best block: feec70b6a3f98251 at height 49
2026-05-09 17:34:28 - berzcoin - INFO - Block broadcast to 1 peers
2026-05-09 17:34:28 - berzcoin - INFO - New best block: 403a7f971b1718c9 at height 50
2026-05-09 17:34:28 - berzcoin - INFO - Block broadcast to 1 peers
2026-05-09 17:34:28 - berzcoin - INFO - New best block: aa04129418f3f7b0 at height 51
2026-05-09 17:34:28 - berzcoin - INFO - Block broadcast to 1 peers
2026-05-09 17:34:28 - berzcoin - INFO - New best block: c2b43d37d3c88cb4 at height 52
2026-05-09 17:34:28 - berzcoin - INFO - Block broadcast to 1 peers
2026-05-09 17:34:28 - berzcoin - INFO - New best block: 5a66eaf244e7429b at height 53
2026-05-09 17:34:28 - berzcoin - INFO - Block broadcast to 1 peers
2026-05-09 17:34:28 - berzcoin - INFO - New best block: b861223d5845ba55 at height 54
2026-05-09 17:34:28 - berzcoin - INFO - Block broadcast to 1 peers
2026-05-09 17:34:28 - berzcoin - INFO - New best block: 35a006230d5f2bf6 at height 55
2026-05-09 17:34:28 - berzcoin - INFO - Block broadcast to 1 peers
2026-05-09 17:34:28 - berzcoin - INFO - New best block: cf1fbe8f1ed2b7ac at height 56
2026-05-09 17:34:28 - berzcoin - INFO - Block broadcast to 1 peers
2026-05-09 17:34:28 - berzcoin - INFO - New best block: dfe6bb5b86b06b8f at height 57
2026-05-09 17:34:28 - berzcoin - INFO - Block broadcast to 1 peers
2026-05-09 17:34:28 - berzcoin - INFO - New best block: 82a073d400569a7c at height 58
2026-05-09 17:34:28 - berzcoin - INFO - Block broadcast to 1 peers
2026-05-09 17:34:28 - berzcoin - INFO - New best block: 4303fb8041abe73d at height 59
2026-05-09 17:34:28 - berzcoin - INFO - Block broadcast to 1 peers
2026-05-09 17:34:28 - berzcoin - INFO - New best block: ea52bca48e5d7f84 at height 60
2026-05-09 17:34:28 - berzcoin - INFO - Block broadcast to 1 peers
2026-05-09 17:34:28 - berzcoin - INFO - New best block: 5bd0b469e14680e3 at height 61
2026-05-09 17:34:28 - berzcoin - INFO - Block broadcast to 1 peers
2026-05-09 17:34:28 - berzcoin - INFO - New best block: ef382078347db7b9 at height 62
2026-05-09 17:34:28 - berzcoin - INFO - Block broadcast to 1 peers
2026-05-09 17:34:28 - berzcoin - INFO - New best block: 014ac76a7f563414 at height 63
2026-05-09 17:34:28 - berzcoin - INFO - Block broadcast to 1 peers
2026-05-09 17:34:28 - berzcoin - INFO - New best block: b6fdcc45829a9864 at height 64
2026-05-09 17:34:28 - berzcoin - INFO - Block broadcast to 1 peers
2026-05-09 17:34:28 - berzcoin - INFO - New best block: b3eddd0831865735 at height 65
2026-05-09 17:34:28 - berzcoin - INFO - Block broadcast to 1 peers
2026-05-09 17:34:28 - berzcoin - INFO - New best block: bd8581dbc0fb6748 at height 66
2026-05-09 17:34:28 - berzcoin - INFO - Block broadcast to 1 peers
2026-05-09 17:34:28 - berzcoin - INFO - New best block: 5a563e430f723140 at height 67
2026-05-09 17:34:28 - berzcoin - INFO - Block broadcast to 1 peers
2026-05-09 17:34:28 - berzcoin - INFO - New best block: c614dddad7180c28 at height 68
2026-05-09 17:34:28 - berzcoin - INFO - Block broadcast to 1 peers
2026-05-09 17:34:28 - berzcoin - INFO - New best block: da8aae5327035ab5 at height 69
2026-05-09 17:34:28 - berzcoin - INFO - Block broadcast to 1 peers
2026-05-09 17:34:28 - berzcoin - INFO - New best block: ae267520c7d2673c at height 70
2026-05-09 17:34:28 - berzcoin - INFO - Block broadcast to 1 peers
2026-05-09 17:34:28 - berzcoin - INFO - New best block: 3c8f52d6ae02dbbf at height 71
2026-05-09 17:34:28 - berzcoin - INFO - Block broadcast to 1 peers
2026-05-09 17:34:28 - berzcoin - INFO - New best block: f9f50824c04fd4ac at height 72
2026-05-09 17:34:28 - berzcoin - INFO - Block broadcast to 1 peers
2026-05-09 17:34:28 - berzcoin - INFO - New best block: 14904791fc5db338 at height 73
2026-05-09 17:34:28 - berzcoin - INFO - Block broadcast to 1 peers
2026-05-09 17:34:28 - berzcoin - INFO - New best block: 0bee025bb7270a14 at height 74
2026-05-09 17:34:28 - berzcoin - INFO - Block broadcast to 1 peers
2026-05-09 17:34:28 - berzcoin - INFO - New best block: 17a8badea13ae823 at height 75
2026-05-09 17:34:28 - berzcoin - INFO - Block broadcast to 1 peers
2026-05-09 17:34:28 - berzcoin - INFO - New best block: 8bb2d0286df910b2 at height 76
2026-05-09 17:34:28 - berzcoin - INFO - Block broadcast to 1 peers
2026-05-09 17:34:28 - berzcoin - INFO - New best block: 5a6f680070bfe311 at height 77
2026-05-09 17:34:28 - berzcoin - INFO - Block broadcast to 1 peers
2026-05-09 17:34:28 - berzcoin - INFO - New best block: bd069ad0e56695d8 at height 78
2026-05-09 17:34:28 - berzcoin - INFO - Block broadcast to 1 peers
2026-05-09 17:34:28 - berzcoin - INFO - New best block: 658c96dad99ad977 at height 79
2026-05-09 17:34:28 - berzcoin - INFO - Block broadcast to 1 peers
2026-05-09 17:34:28 - berzcoin - INFO - New best block: 89bc09d647cb55c4 at height 80
2026-05-09 17:34:28 - berzcoin - INFO - Block broadcast to 1 peers
2026-05-09 17:34:28 - berzcoin - INFO - New best block: 1f37081a1696db3d at height 81
2026-05-09 17:34:28 - berzcoin - INFO - Block broadcast to 1 peers
2026-05-09 17:34:28 - berzcoin - INFO - New best block: a006a72e08fb5298 at height 82
2026-05-09 17:34:28 - berzcoin - INFO - Block broadcast to 1 peers
2026-05-09 17:34:28 - berzcoin - INFO - New best block: 86c6cdffa1eeb151 at height 83
2026-05-09 17:34:28 - berzcoin - INFO - Block broadcast to 1 peers
2026-05-09 17:34:28 - berzcoin - INFO - New best block: dd62524eef07ef7b at height 84
2026-05-09 17:34:28 - berzcoin - INFO - Block broadcast to 1 peers
2026-05-09 17:34:28 - berzcoin - INFO - New best block: d570119c5d636e75 at height 85
2026-05-09 17:34:28 - berzcoin - INFO - Block broadcast to 1 peers
2026-05-09 17:34:28 - berzcoin - INFO - New best block: b54c196a55fba021 at height 86
2026-05-09 17:34:28 - berzcoin - INFO - Block broadcast to 1 peers
2026-05-09 17:34:28 - berzcoin - INFO - New best block: 17f092eff86c2488 at height 87
2026-05-09 17:34:28 - berzcoin - INFO - Block broadcast to 1 peers
2026-05-09 17:34:28 - berzcoin - INFO - New best block: f1900fa8aa4f9b97 at height 88
2026-05-09 17:34:28 - berzcoin - INFO - Block broadcast to 1 peers
2026-05-09 17:34:28 - berzcoin - INFO - New best block: ea0bec86a1b1ef62 at height 89
2026-05-09 17:34:28 - berzcoin - INFO - Block broadcast to 1 peers
2026-05-09 17:34:28 - berzcoin - INFO - New best block: 2930782da4a63e56 at height 90
2026-05-09 17:34:28 - berzcoin - INFO - Block broadcast to 1 peers
2026-05-09 17:34:28 - berzcoin - INFO - New best block: e04c2ebb851393b9 at height 91
2026-05-09 17:34:28 - berzcoin - INFO - Block broadcast to 1 peers
2026-05-09 17:34:28 - berzcoin - INFO - New best block: 09b0d445af0764df at height 92
2026-05-09 17:34:28 - berzcoin - INFO - Block broadcast to 1 peers
2026-05-09 17:34:28 - berzcoin - INFO - New best block: b476feb8f2d91ce9 at height 93
2026-05-09 17:34:28 - berzcoin - INFO - Block broadcast to 1 peers
2026-05-09 17:34:28 - berzcoin - INFO - New best block: 4bf3545849e45dca at height 94
2026-05-09 17:34:28 - berzcoin - INFO - Block broadcast to 1 peers
2026-05-09 17:34:28 - berzcoin - INFO - New best block: 0e4063826fb41200 at height 95
2026-05-09 17:34:28 - berzcoin - INFO - Block broadcast to 1 peers
2026-05-09 17:34:28 - berzcoin - INFO - New best block: 36c7b5c81593acfb at height 96
2026-05-09 17:34:28 - berzcoin - INFO - Block broadcast to 1 peers
2026-05-09 17:34:28 - berzcoin - INFO - New best block: cb7812d9cb2a0fff at height 97
2026-05-09 17:34:28 - berzcoin - INFO - Block broadcast to 1 peers
2026-05-09 17:34:28 - berzcoin - INFO - New best block: 42e0b5f1127f44f0 at height 98
2026-05-09 17:34:28 - berzcoin - INFO - Block broadcast to 1 peers
2026-05-09 17:34:28 - berzcoin - INFO - New best block: 7b01f92de5b9dd79 at height 99
2026-05-09 17:34:28 - berzcoin - INFO - Block broadcast to 1 peers
2026-05-09 17:34:28 - berzcoin - INFO - New best block: 3165e9e197c81bf6 at height 100
2026-05-09 17:34:28 - berzcoin - INFO - Block broadcast to 1 peers
2026-05-09 17:34:28 - berzcoin - INFO - New best block: 9351ac7d1954a028 at height 101
2026-05-09 17:34:28 - berzcoin - INFO - Block broadcast to 1 peers
2026-05-09 17:34:28 - berzcoin - INFO - New best block: e4532e471347ec2b at height 102
2026-05-09 17:34:28 - berzcoin - INFO - Block broadcast to 1 peers
2026-05-09 17:34:28 - berzcoin - INFO - New best block: fdc1b1bcdea8502b at height 103
2026-05-09 17:34:28 - berzcoin - INFO - Block broadcast to 1 peers
2026-05-09 17:34:30 - berzcoin - INFO - Stopping node via RPC...
2026-05-09 17:34:31 - berzcoin - INFO - Stopping BerzCoin node...
2026-05-09 17:34:31 - berzcoin - INFO - Mining stopped
2026-05-09 17:34:31 - berzcoin - INFO - RPC server stopped
2026-05-09 17:34:31 - berzcoin - INFO - Peer disconnected: 127.0.0.1:8331
2026-05-09 17:34:31 - berzcoin - INFO - Disconnected from 127.0.0.1:8331
2026-05-09 17:34:31 - berzcoin - INFO - Connection manager stopped
2026-05-09 17:34:31 - berzcoin - INFO - Saved 0 transactions to mempool.dat
2026-05-09 17:34:31 - berzcoin - INFO - Database connection closed
2026-05-09 17:34:31 - berzcoin - INFO - Node stopped
2026-05-09 17:34:31 - berzcoin - INFO - Stopping BerzCoin node...
2026-05-09 17:34:31 - berzcoin - INFO - Mining stopped
2026-05-09 17:34:31 - berzcoin - INFO - RPC server stopped
2026-05-09 17:34:31 - berzcoin - INFO - Connection manager stopped
2026-05-09 17:34:31 - berzcoin - INFO - Saved 0 transactions to mempool.dat
2026-05-09 17:34:31 - berzcoin - INFO - Node stopped
2026-05-09 17:35:24 - berzcoin - INFO - Connected to database: /home/berzat-babur/Desktop/berzcoin/data/local3nodes/node2/regtest.db
2026-05-09 17:35:24 - berzcoin - INFO - Current version: 0, Target version: 7
2026-05-09 17:35:24 - berzcoin - INFO - Applying migration 1: Initial schema
2026-05-09 17:35:24 - berzcoin - INFO - Applying migration 2: Add address indexes
2026-05-09 17:35:24 - berzcoin - INFO - Applying migration 3: Add chainwork to block_headers
2026-05-09 17:35:24 - berzcoin - INFO - Applying migration 4: Add witness data to inputs
2026-05-09 17:35:24 - berzcoin - INFO - Applying migration 5: Add transaction weight
2026-05-09 17:35:24 - berzcoin - INFO - Applying migration 6: Transaction index tables (tx_index, tx_inputs, tx_outputs)
2026-05-09 17:35:24 - berzcoin - INFO - Applying migration 7: Allow non-unique block heights for fork branch persistence
2026-05-09 17:35:24 - berzcoin - INFO - Migration complete. Now at version 7
2026-05-09 17:35:24 - berzcoin - INFO - Loaded 0 blocks from index
2026-05-09 17:35:24 - berzcoin - INFO - Empty regtest datadir detected; importing a synthetic genesis block
2026-05-09 17:35:24 - berzcoin - INFO - Synthetic regtest genesis written at height 0 (5dd3bbe7666038a9)
2026-05-09 17:35:24 - berzcoin - INFO - Loaded 1 blocks from index
2026-05-09 17:35:24 - berzcoin - INFO - Chain state initialized: height=0, work=0
2026-05-09 17:35:24 - berzcoin - INFO - Mempool snapshot tip mismatch (snapshot=fdc1b1bcdea8502b@103 current=5dd3bbe7666038a9@0); full revalidation on restore
2026-05-09 17:35:24 - berzcoin - INFO - Mempool restore complete: restored=0 dropped={}
2026-05-09 17:35:24 - berzcoin - INFO - Peer discovery sources priority: connect=0 addnode=1 bootstrap=0 dns=0
2026-05-09 17:35:24 - berzcoin - WARNING - Using insecure fallback wallet encryption passphrase; set wallet_encryption_passphrase
2026-05-09 17:35:24 - berzcoin - INFO - Loaded existing RPC cookie from /home/berzat-babur/Desktop/berzcoin/data/local3nodes/node2/.cookie
2026-05-09 17:35:24 - berzcoin - INFO - Node initialized successfully
2026-05-09 17:35:24 - berzcoin - INFO - Starting BerzCoin node...
2026-05-09 17:35:24 - berzcoin - INFO - Added static peer: 127.0.0.1:8331
2026-05-09 17:35:24 - berzcoin - INFO - Loaded 1 addnode peer(s)
2026-05-09 17:35:24 - berzcoin - INFO - P2P listener started on 0.0.0.0:8332
2026-05-09 17:35:24 - berzcoin - INFO - Connection manager started
2026-05-09 17:35:24 - berzcoin - INFO - RPC server started on http://127.0.0.1:18432
2026-05-09 17:35:24 - berzcoin - INFO - Node started
2026-05-09 17:35:24 - berzcoin - INFO - Starting block sync loop
2026-05-09 17:35:24 - berzcoin - INFO - Peer version: 70015, user agent: /BerzCoin:1.0/, height: 0
2026-05-09 17:35:24 - berzcoin - INFO - Handshake complete with 127.0.0.1
2026-05-09 17:35:24 - berzcoin - INFO - Connected to 127.0.0.1:8331
2026-05-09 17:35:24 - berzcoin - INFO - Connected to 127.0.0.1:8331 (full-relay)
2026-05-09 17:35:25 - berzcoin - INFO - New best block: e4ffbf26c77edc7c at height 1
2026-05-09 17:35:25 - berzcoin - INFO - Block broadcast to 1 peers
2026-05-09 17:35:25 - berzcoin - INFO - New best block: b5b1443b99c9dd12 at height 2
2026-05-09 17:35:25 - berzcoin - INFO - Block broadcast to 1 peers
2026-05-09 17:35:25 - berzcoin - INFO - New best block: f5e160d20d62fdcd at height 3
2026-05-09 17:35:25 - berzcoin - INFO - Block broadcast to 1 peers
2026-05-09 17:35:25 - berzcoin - INFO - New best block: b5c932bd19301007 at height 4
2026-05-09 17:35:25 - berzcoin - INFO - Block broadcast to 1 peers
2026-05-09 17:35:25 - berzcoin - INFO - New best block: 98a5fc0a40079999 at height 5
2026-05-09 17:35:25 - berzcoin - INFO - Block broadcast to 1 peers
2026-05-09 17:35:25 - berzcoin - INFO - New best block: 6a11b86c80262ea7 at height 6
2026-05-09 17:35:25 - berzcoin - INFO - Block broadcast to 1 peers
2026-05-09 17:35:25 - berzcoin - INFO - New best block: fead7dafc993f431 at height 7
2026-05-09 17:35:25 - berzcoin - INFO - Block broadcast to 1 peers
2026-05-09 17:35:25 - berzcoin - INFO - New best block: 0f0943cca3a30788 at height 8
2026-05-09 17:35:25 - berzcoin - INFO - Block broadcast to 1 peers
2026-05-09 17:35:25 - berzcoin - INFO - New best block: 560a4b6499de3be9 at height 9
2026-05-09 17:35:25 - berzcoin - INFO - Block broadcast to 1 peers
2026-05-09 17:35:25 - berzcoin - INFO - New best block: ecf080c85c1404ff at height 10
2026-05-09 17:35:25 - berzcoin - INFO - Block broadcast to 1 peers
2026-05-09 17:35:25 - berzcoin - INFO - New best block: 266e45213b336230 at height 11
2026-05-09 17:35:25 - berzcoin - INFO - Block broadcast to 1 peers
2026-05-09 17:35:25 - berzcoin - INFO - New best block: cebcf1e700ed04fb at height 12
2026-05-09 17:35:25 - berzcoin - INFO - Block broadcast to 1 peers
2026-05-09 17:35:25 - berzcoin - INFO - New best block: dcdb2c4cad9c1b3a at height 13
2026-05-09 17:35:25 - berzcoin - INFO - Block broadcast to 1 peers
2026-05-09 17:35:25 - berzcoin - INFO - New best block: 2d5faa2c77b89e23 at height 14
2026-05-09 17:35:25 - berzcoin - INFO - Block broadcast to 1 peers
2026-05-09 17:35:25 - berzcoin - INFO - New best block: 5103a0a18fad51bc at height 15
2026-05-09 17:35:25 - berzcoin - INFO - Block broadcast to 1 peers
2026-05-09 17:35:25 - berzcoin - INFO - New best block: 2d17c0c783626641 at height 16
2026-05-09 17:35:25 - berzcoin - INFO - Block broadcast to 1 peers
2026-05-09 17:35:25 - berzcoin - INFO - New best block: 34294a57de6730d5 at height 17
2026-05-09 17:35:25 - berzcoin - INFO - Block broadcast to 1 peers
2026-05-09 17:35:25 - berzcoin - INFO - New best block: a6d22aee05ae800d at height 18
2026-05-09 17:35:25 - berzcoin - INFO - Block broadcast to 1 peers
2026-05-09 17:35:25 - berzcoin - INFO - New best block: b10ca14c0865ff84 at height 19
2026-05-09 17:35:25 - berzcoin - INFO - Block broadcast to 1 peers
2026-05-09 17:35:25 - berzcoin - INFO - New best block: c0ad1509f1c8b202 at height 20
2026-05-09 17:35:25 - berzcoin - INFO - Block broadcast to 1 peers
2026-05-09 17:35:25 - berzcoin - INFO - New best block: bcbe1571cbfcc4bf at height 21
2026-05-09 17:35:25 - berzcoin - INFO - Block broadcast to 1 peers
2026-05-09 17:35:25 - berzcoin - INFO - New best block: e64791d95196f7a5 at height 22
2026-05-09 17:35:25 - berzcoin - INFO - Block broadcast to 1 peers
2026-05-09 17:35:25 - berzcoin - INFO - New best block: 165cb6a392f370a2 at height 23
2026-05-09 17:35:25 - berzcoin - INFO - Block broadcast to 1 peers
2026-05-09 17:35:25 - berzcoin - INFO - New best block: 0b7d22cff0b14ac3 at height 24
2026-05-09 17:35:25 - berzcoin - INFO - Block broadcast to 1 peers
2026-05-09 17:35:25 - berzcoin - INFO - New best block: f3ca51189d837817 at height 25
2026-05-09 17:35:25 - berzcoin - INFO - Block broadcast to 1 peers
2026-05-09 17:35:25 - berzcoin - INFO - New best block: 5c498c7831573f6a at height 26
2026-05-09 17:35:25 - berzcoin - INFO - Block broadcast to 1 peers
2026-05-09 17:35:25 - berzcoin - INFO - New best block: f7e613dd5d37e877 at height 27
2026-05-09 17:35:25 - berzcoin - INFO - Block broadcast to 1 peers
2026-05-09 17:35:25 - berzcoin - INFO - New best block: dc7a28efee0e9874 at height 28
2026-05-09 17:35:25 - berzcoin - INFO - Block broadcast to 1 peers
2026-05-09 17:35:25 - berzcoin - INFO - New best block: 2dbbd3b349a408d7 at height 29
2026-05-09 17:35:25 - berzcoin - INFO - Block broadcast to 1 peers
2026-05-09 17:35:25 - berzcoin - INFO - New best block: bf850223efae554e at height 30
2026-05-09 17:35:25 - berzcoin - INFO - Block broadcast to 1 peers
2026-05-09 17:35:25 - berzcoin - INFO - New best block: f6ec9398c209462a at height 31
2026-05-09 17:35:25 - berzcoin - INFO - Block broadcast to 1 peers
2026-05-09 17:35:25 - berzcoin - INFO - New best block: ed153796b1b2dcf9 at height 32
2026-05-09 17:35:25 - berzcoin - INFO - Block broadcast to 1 peers
2026-05-09 17:35:25 - berzcoin - INFO - New best block: c02d65bbbfac8c16 at height 33
2026-05-09 17:35:25 - berzcoin - INFO - Block broadcast to 1 peers
2026-05-09 17:35:25 - berzcoin - INFO - New best block: 21c51981635626f7 at height 34
2026-05-09 17:35:25 - berzcoin - INFO - Block broadcast to 1 peers
2026-05-09 17:35:25 - berzcoin - INFO - New best block: 17eef8116b09e5f1 at height 35
2026-05-09 17:35:25 - berzcoin - INFO - Block broadcast to 1 peers
2026-05-09 17:35:25 - berzcoin - INFO - New best block: d00dcb318b9a595a at height 36
2026-05-09 17:35:25 - berzcoin - INFO - Block broadcast to 1 peers
2026-05-09 17:35:25 - berzcoin - INFO - New best block: ad62d07bb3a95106 at height 37
2026-05-09 17:35:25 - berzcoin - INFO - Block broadcast to 1 peers
2026-05-09 17:35:25 - berzcoin - INFO - New best block: 61b5e3cc24152ca7 at height 38
2026-05-09 17:35:25 - berzcoin - INFO - Block broadcast to 1 peers
2026-05-09 17:35:25 - berzcoin - INFO - New best block: 33d28e461b754428 at height 39
2026-05-09 17:35:25 - berzcoin - INFO - Block broadcast to 1 peers
2026-05-09 17:35:25 - berzcoin - INFO - New best block: 5bfd6ddd24ce7b88 at height 40
2026-05-09 17:35:25 - berzcoin - INFO - Block broadcast to 1 peers
2026-05-09 17:35:25 - berzcoin - INFO - New best block: f161b5bdea7e961e at height 41
2026-05-09 17:35:25 - berzcoin - INFO - Block broadcast to 1 peers
2026-05-09 17:35:25 - berzcoin - INFO - New best block: 00779931de577115 at height 42
2026-05-09 17:35:25 - berzcoin - INFO - Block broadcast to 1 peers
2026-05-09 17:35:25 - berzcoin - INFO - New best block: 8e9724102ea1dd09 at height 43
2026-05-09 17:35:25 - berzcoin - INFO - Block broadcast to 1 peers
2026-05-09 17:35:25 - berzcoin - INFO - New best block: 2e5ca8b37afd03a4 at height 44
2026-05-09 17:35:25 - berzcoin - INFO - Block broadcast to 1 peers
2026-05-09 17:35:25 - berzcoin - INFO - New best block: ae8a728938d16584 at height 45
2026-05-09 17:35:25 - berzcoin - INFO - Block broadcast to 1 peers
2026-05-09 17:35:25 - berzcoin - INFO - New best block: 3599ee5143fb043d at height 46
2026-05-09 17:35:25 - berzcoin - INFO - Block broadcast to 1 peers
2026-05-09 17:35:25 - berzcoin - INFO - New best block: fad2492022874e2a at height 47
2026-05-09 17:35:25 - berzcoin - INFO - Block broadcast to 1 peers
2026-05-09 17:35:25 - berzcoin - INFO - New best block: e8d45db6a6e3e44d at height 48
2026-05-09 17:35:25 - berzcoin - INFO - Block broadcast to 1 peers
2026-05-09 17:35:25 - berzcoin - INFO - New best block: 93423687db5bd4be at height 49
2026-05-09 17:35:25 - berzcoin - INFO - Block broadcast to 1 peers
2026-05-09 17:35:25 - berzcoin - INFO - New best block: 925e8721515c0296 at height 50
2026-05-09 17:35:25 - berzcoin - INFO - Block broadcast to 1 peers
2026-05-09 17:35:25 - berzcoin - INFO - New best block: 92167fd5a1483d98 at height 51
2026-05-09 17:35:25 - berzcoin - INFO - Block broadcast to 1 peers
2026-05-09 17:35:25 - berzcoin - INFO - New best block: a654815acfe4b5d9 at height 52
2026-05-09 17:35:25 - berzcoin - INFO - Block broadcast to 1 peers
2026-05-09 17:35:25 - berzcoin - INFO - New best block: dbd6a257b6f9b51e at height 53
2026-05-09 17:35:25 - berzcoin - INFO - Block broadcast to 1 peers
2026-05-09 17:35:25 - berzcoin - INFO - New best block: eee2419c8c589525 at height 54
2026-05-09 17:35:25 - berzcoin - INFO - Block broadcast to 1 peers
2026-05-09 17:35:25 - berzcoin - INFO - New best block: 8546c0b903ace0a5 at height 55
2026-05-09 17:35:25 - berzcoin - INFO - Block broadcast to 1 peers
2026-05-09 17:35:25 - berzcoin - INFO - New best block: 43ba9e2d88f27cc5 at height 56
2026-05-09 17:35:25 - berzcoin - INFO - Block broadcast to 1 peers
2026-05-09 17:35:25 - berzcoin - INFO - New best block: 891ce48aee4d729e at height 57
2026-05-09 17:35:25 - berzcoin - INFO - Block broadcast to 1 peers
2026-05-09 17:35:25 - berzcoin - INFO - New best block: f390d1f6573d2d71 at height 58
2026-05-09 17:35:25 - berzcoin - INFO - Block broadcast to 1 peers
2026-05-09 17:35:25 - berzcoin - INFO - New best block: 0014aa41495a030f at height 59
2026-05-09 17:35:25 - berzcoin - INFO - Block broadcast to 1 peers
2026-05-09 17:35:25 - berzcoin - INFO - New best block: 3c2b4c08cd7ba259 at height 60
2026-05-09 17:35:25 - berzcoin - INFO - Block broadcast to 1 peers
2026-05-09 17:35:25 - berzcoin - INFO - New best block: 2054ab944d3a80f0 at height 61
2026-05-09 17:35:25 - berzcoin - INFO - Block broadcast to 1 peers
2026-05-09 17:35:25 - berzcoin - INFO - New best block: 5af181ec82da7509 at height 62
2026-05-09 17:35:25 - berzcoin - INFO - Block broadcast to 1 peers
2026-05-09 17:35:25 - berzcoin - INFO - New best block: 651dbf2b29c224d7 at height 63
2026-05-09 17:35:25 - berzcoin - INFO - Block broadcast to 1 peers
2026-05-09 17:35:25 - berzcoin - INFO - New best block: 8ab25e33597004f0 at height 64
2026-05-09 17:35:25 - berzcoin - INFO - Block broadcast to 1 peers
2026-05-09 17:35:25 - berzcoin - INFO - New best block: 29fe637afbf4e2fc at height 65
2026-05-09 17:35:25 - berzcoin - INFO - Block broadcast to 1 peers
2026-05-09 17:35:25 - berzcoin - INFO - New best block: 43872da795185d4d at height 66
2026-05-09 17:35:25 - berzcoin - INFO - Block broadcast to 1 peers
2026-05-09 17:35:25 - berzcoin - INFO - New best block: f00e5601dd1a69c2 at height 67
2026-05-09 17:35:25 - berzcoin - INFO - Block broadcast to 1 peers
2026-05-09 17:35:25 - berzcoin - INFO - New best block: 777f12b7074930c3 at height 68
2026-05-09 17:35:25 - berzcoin - INFO - Block broadcast to 1 peers
2026-05-09 17:35:25 - berzcoin - INFO - New best block: d8354b8949e84dd3 at height 69
2026-05-09 17:35:25 - berzcoin - INFO - Block broadcast to 1 peers
2026-05-09 17:35:25 - berzcoin - INFO - New best block: 69a4bbdd2e6bb72a at height 70
2026-05-09 17:35:25 - berzcoin - INFO - Block broadcast to 1 peers
2026-05-09 17:35:25 - berzcoin - INFO - New best block: d1e18f06d38c25f7 at height 71
2026-05-09 17:35:25 - berzcoin - INFO - Block broadcast to 1 peers
2026-05-09 17:35:25 - berzcoin - INFO - New best block: e5a263b78c45513d at height 72
2026-05-09 17:35:25 - berzcoin - INFO - Block broadcast to 1 peers
2026-05-09 17:35:25 - berzcoin - INFO - New best block: e868183e05d31e49 at height 73
2026-05-09 17:35:25 - berzcoin - INFO - Block broadcast to 1 peers
2026-05-09 17:35:25 - berzcoin - INFO - New best block: eb7c950594b0e0b0 at height 74
2026-05-09 17:35:25 - berzcoin - INFO - Block broadcast to 1 peers
2026-05-09 17:35:25 - berzcoin - INFO - New best block: 394bc0884c8a96dd at height 75
2026-05-09 17:35:25 - berzcoin - INFO - Block broadcast to 1 peers
2026-05-09 17:35:25 - berzcoin - INFO - New best block: 30790ed3fcea287d at height 76
2026-05-09 17:35:25 - berzcoin - INFO - Block broadcast to 1 peers
2026-05-09 17:35:25 - berzcoin - INFO - New best block: a379810178b1e398 at height 77
2026-05-09 17:35:25 - berzcoin - INFO - Block broadcast to 1 peers
2026-05-09 17:35:25 - berzcoin - INFO - New best block: f815e1e4a7f17594 at height 78
2026-05-09 17:35:25 - berzcoin - INFO - Block broadcast to 1 peers
2026-05-09 17:35:25 - berzcoin - INFO - New best block: 4dc2ee64bfcefce1 at height 79
2026-05-09 17:35:25 - berzcoin - INFO - Block broadcast to 1 peers
2026-05-09 17:35:25 - berzcoin - INFO - New best block: 9b97e513c288b6f0 at height 80
2026-05-09 17:35:25 - berzcoin - INFO - Block broadcast to 1 peers
2026-05-09 17:35:25 - berzcoin - INFO - New best block: 630f791b21911269 at height 81
2026-05-09 17:35:25 - berzcoin - INFO - Block broadcast to 1 peers
2026-05-09 17:35:25 - berzcoin - INFO - New best block: eff33f8c48e6c4d6 at height 82
2026-05-09 17:35:25 - berzcoin - INFO - Block broadcast to 1 peers
2026-05-09 17:35:25 - berzcoin - INFO - New best block: c49d7e123b24e56d at height 83
2026-05-09 17:35:25 - berzcoin - INFO - Block broadcast to 1 peers
2026-05-09 17:35:25 - berzcoin - INFO - New best block: d337f2eff34d9917 at height 84
2026-05-09 17:35:25 - berzcoin - INFO - Block broadcast to 1 peers
2026-05-09 17:35:25 - berzcoin - INFO - New best block: a8a3dfc228250866 at height 85
2026-05-09 17:35:25 - berzcoin - INFO - Block broadcast to 1 peers
2026-05-09 17:35:25 - berzcoin - INFO - New best block: f3fb4363e538debd at height 86
2026-05-09 17:35:25 - berzcoin - INFO - Block broadcast to 1 peers
2026-05-09 17:35:25 - berzcoin - INFO - New best block: f3a069011f0f4865 at height 87
2026-05-09 17:35:25 - berzcoin - INFO - Block broadcast to 1 peers
2026-05-09 17:35:25 - berzcoin - INFO - New best block: 9c3883b9ada0fe6a at height 88
2026-05-09 17:35:25 - berzcoin - INFO - Block broadcast to 1 peers
2026-05-09 17:35:25 - berzcoin - INFO - New best block: 9b97d64efea38077 at height 89
2026-05-09 17:35:25 - berzcoin - INFO - Block broadcast to 1 peers
2026-05-09 17:35:25 - berzcoin - INFO - New best block: 697241a7147106c0 at height 90
2026-05-09 17:35:25 - berzcoin - INFO - Block broadcast to 1 peers
2026-05-09 17:35:25 - berzcoin - INFO - New best block: addc100670eb2f5e at height 91
2026-05-09 17:35:25 - berzcoin - INFO - Block broadcast to 1 peers
2026-05-09 17:35:25 - berzcoin - INFO - New best block: 7b86df9438739965 at height 92
2026-05-09 17:35:25 - berzcoin - INFO - Block broadcast to 1 peers
2026-05-09 17:35:25 - berzcoin - INFO - New best block: ae99ac6b30fe9a20 at height 93
2026-05-09 17:35:25 - berzcoin - INFO - Block broadcast to 1 peers
2026-05-09 17:35:25 - berzcoin - INFO - New best block: f68785b4aa32edc6 at height 94
2026-05-09 17:35:26 - berzcoin - INFO - Block broadcast to 1 peers
2026-05-09 17:35:26 - berzcoin - INFO - New best block: bf97618e57813231 at height 95
2026-05-09 17:35:26 - berzcoin - INFO - Block broadcast to 1 peers
2026-05-09 17:35:26 - berzcoin - INFO - New best block: 15b56dcd628e55ba at height 96
2026-05-09 17:35:26 - berzcoin - INFO - Block broadcast to 1 peers
2026-05-09 17:35:26 - berzcoin - INFO - New best block: 828bb9ab0e28f4ec at height 97
2026-05-09 17:35:26 - berzcoin - INFO - Block broadcast to 1 peers
2026-05-09 17:35:26 - berzcoin - INFO - New best block: fb75693774e2d488 at height 98
2026-05-09 17:35:26 - berzcoin - INFO - Block broadcast to 1 peers
2026-05-09 17:35:26 - berzcoin - INFO - New best block: 062b0c8c9369a0ed at height 99
2026-05-09 17:35:26 - berzcoin - INFO - Block broadcast to 1 peers
2026-05-09 17:35:26 - berzcoin - INFO - New best block: 45d037e8d0c043b9 at height 100
2026-05-09 17:35:26 - berzcoin - INFO - Block broadcast to 1 peers
2026-05-09 17:35:26 - berzcoin - INFO - New best block: aeb42c74bc8ab6f3 at height 101
2026-05-09 17:35:26 - berzcoin - INFO - Block broadcast to 1 peers
2026-05-09 17:35:26 - berzcoin - INFO - New best block: 3715bb361224539d at height 102
2026-05-09 17:35:26 - berzcoin - INFO - Block broadcast to 1 peers
2026-05-09 17:35:26 - berzcoin - INFO - New best block: 337b8df2ffd5d373 at height 103
2026-05-09 17:35:26 - berzcoin - INFO - Block broadcast to 1 peers
2026-05-09 17:35:26 - berzcoin - INFO - New best block: 8dd63840de345d82 at height 104
2026-05-09 17:35:26 - berzcoin - INFO - Block broadcast to 1 peers
2026-05-09 17:35:27 - berzcoin - INFO - Added transaction d0f4fdc44ef336d0 to mempool (fee: 970 sat, size: 225)
2026-05-09 17:35:27 - berzcoin - INFO - New best block: 71fc48632a94a5be at height 105
2026-05-09 17:35:27 - berzcoin - INFO - Block broadcast to 1 peers
2026-05-09 17:35:27 - berzcoin - INFO - Added transaction ee567195e8199d33 to mempool (fee: 970 sat, size: 226)
2026-05-09 17:35:28 - berzcoin - INFO - Stopping node via RPC...
2026-05-09 17:35:29 - berzcoin - INFO - Stopping BerzCoin node...
2026-05-09 17:35:29 - berzcoin - INFO - Mining stopped
2026-05-09 17:35:29 - berzcoin - INFO - RPC server stopped
2026-05-09 17:35:29 - berzcoin - INFO - Peer disconnected: 127.0.0.1:8331
2026-05-09 17:35:29 - berzcoin - INFO - Disconnected from 127.0.0.1:8331
2026-05-09 17:35:29 - berzcoin - INFO - Connection manager stopped
2026-05-09 17:35:29 - berzcoin - INFO - Saved 1 transactions to mempool.dat
2026-05-09 17:35:29 - berzcoin - INFO - Database connection closed
2026-05-09 17:35:29 - berzcoin - INFO - Node stopped
2026-05-09 17:35:29 - berzcoin - INFO - Stopping BerzCoin node...
2026-05-09 17:35:29 - berzcoin - INFO - Mining stopped
2026-05-09 17:35:29 - berzcoin - INFO - RPC server stopped
2026-05-09 17:35:29 - berzcoin - INFO - Connection manager stopped
2026-05-09 17:35:29 - berzcoin - INFO - Saved 1 transactions to mempool.dat
2026-05-09 17:35:29 - berzcoin - INFO - Node stopped
